student@T3:~$ vi anjali.sh
student@T3:~$ chmod +x anjali.sh
student@T3:~$ ./anjali.sh
hello
student@T3:~$ gedit anjal.sh
student@T3:~$ chmod +x anjal.sh
student@T3:~$ ./anjal.sh
welcome
student@T3:~$ vi sample.sh
student@T3:~$ gedit f.sh
student@T3:~$ chmod +x f.sh
student@T3:~$ ./f.sh
hello world!
the date today is Thu Mar 21 14:30:27 IST 2019
the current directory is /home/student
student@T3:~$ vi an.sh
student@T3:~$ gedit string.sh
student@T3:~$ chmod +x string.sh
student@T3:~$ ./string.sh
value of var is test string
student@T3:~$ gedit st1.sh
student@T3:~$ chmod +x st1.sh
student@T3:~$ ./st1.sh
value of var is $var
student@T3:~$ gedi ech.sh

Command 'gedi' not found, did you mean:

  command 'edi' from snap edi (1.17)
  command 'gedit' from deb gedit

See 'snap info <snapname>' for additional versions.

student@T3:~$ gedit ech.sh
student@T3:~$ chmod +x ech.sh
student@T3:~$ ./ech.sh
./ech.sh: line 1: echothe command is ./ech.sh: No such file or directory
./ech.sh: line 2: echothe argument is : command not found
./ech.sh: line 3: echothe second argument is : command not found
./ech.sh: line 4: echothe third argument is : command not found
./ech.sh: line 5: echothe forth argument is : command not found
student@T3:~$ gedit ech.sh
student@T3:~$ chmod +x ech.sh
student@T3:~$ ./ech.sh  a b c d 
./ech.sh: line 1: echothe command is ./ech.sh: No such file or directory
./ech.sh: line 2: echothe argument is a: command not found
./ech.sh: line 3: echothe second argument is b: command not found
./ech.sh: line 4: echothe third argument is c: command not found
./ech.sh: line 5: echothe forth argument is d: command not found
student@T3:~$ ./ech.sh 1 2 3 4
./ech.sh: line 1: echothe command is ./ech.sh: No such file or directory
./ech.sh: line 2: echothe argument is 1: command not found
./ech.sh: line 3: echothe second argument is 2: command not found
./ech.sh: line 4: echothe third argument is 3: command not found
./ech.sh: line 5: echothe forth argument is 4: command not found
student@T3:~$ gedit ech.sh
student@T3:~$ gedit e.sh
student@T3:~$ chmod +x e.sh
student@T3:~$ ./e.sh 1 3 6 9
./e.sh: line 1: echothe command is ./e.sh: No such file or directory
./e.sh: line 2: echothe argument is 1: command not found
./e.sh: line 3: echothe second argument is 3: command not found
./e.sh: line 4: echothe third argument is 6: command not found
./e.sh: line 5: echothe forth argument is 9: command not found
student@T3:~$ gedit e.sh
student@T3:~$ chmod +x e.sh
student@T3:~$ ./e.sh 1 3 6 9
the command is ./e.sh
the argument is 1
the second argument is 3
the third argument is 6
the forth argument is 9
student@T3:~$ gedit e.sh
student@T3:~$ chmod +x e.sh
student@T3:~$ ./e.sh 1 3 6 9
the command is ./e.sh
the argument is 1
the second argument is 3
the third argument is 6
the forth argument is 9
the command is 4
the argument is ./e.sh
the second argument is 1 3 6 9
the third argument is 1 3 6 9
student@T3:~$ ^C
student@T3:~$ gedit anu.sh
student@T3:~$ chmod +x anu.sh
student@T3:~$ ./anu.sh


student@T3:~$ gedit anu.sh
student@T3:~$ chmod +x anu.sh
student@T3:~$ ./anu.sh


student@T3:~$ gedit anu.sh
student@T3:~$ chmod +x anu.sh
student@T3:~$ ./anu.sh


student@T3:~$ gedit anu.sh
student@T3:~$ gedit add.sh
student@T3:~$ chmod +x ad.sh
chmod: cannot access 'ad.sh': No such file or directory
student@T3:~$ chmod +x add.sh
student@T3:~$ ./add.sh
5 + 10 = 15
student@T3:~$ gedit read.sh
student@T3:~$ chmod +x read.sh
student@T3:~$ ./read.sh
enter two numbers:xy15 25
+=0
student@T3:~$ ./read.sh
enter two numbers:xy 1 2
+=0
student@T3:~$ ./read.sh
enter two numbers:xy1212
+=0
student@T3:~$ ./read.sh
enter two numbers:xy12 12
+=0
student@T3:~$ gedit read.sh
student@T3:~$ chmod +x read.sh
student@T3:~$ ./read.sh
enter two numbers:x^[[A^[[A]^Z
[1]+  Stopped                 ./read.sh
student@T3:~$ gedit read.sh
student@T3:~$ chmod +x read.sh
student@T3:~$ ./read.sh
enter two numbers:12 12
12+12=24
student@T3:~$ gedit expr.sh
student@T3:~$ chmod +x expr.sh
student@T3:~$ ./expr.sh
sum is'expr 10 + &b'
student@T3:~$ gedit expr.sh
student@T3:~$ chmod +x expr.sh
student@T3:~$ ./expr.sh
sum is'expr10+20'
student@T3:~$ gedit expr.sh
student@T3:~$ chmod +x expr.sh
student@T3:~$ ./expr.sh
./expr.sh: line 3: expr10+20: command not found
sum is
student@T3:~$ gedit expr.sh
student@T3:~$ chmod +x expr.sh
student@T3:~$ ./expr.sh
sum is30
student@T3:~$ 

